abc abc123
200ABC678 YXZ
asdkhsa
2329
has3dd33aadasd
AA BBB
